{
  "scope": "data transformation only; not a backtest",
  "codes": [
    "sh.000001",
    "sh.600077",
    "sh.600149",
    "sh.600221",
    "sh.600295",
    "sh.600370",
    "sh.600463",
    "sh.600539",
    "sh.600610",
    "sh.600684",
    "sh.600750",
    "sh.600821",
    "sh.600889",
    "sh.600989",
    "sh.601136",
    "sh.601528",
    "sh.601858",
    "sh.603014",
    "sh.603086",
    "sh.603166",
    "sh.603232",
    "sh.603321",
    "sh.603400",
    "sh.603587",
    "sh.603688",
    "sh.603815",
    "sh.603926",
    "sh.605066",
    "sh.605305",
    "sh.688033",
    "sh.688106",
    "sh.688179",
    "sh.688251",
    "sh.688321",
    "sh.688395",
    "sh.688518",
    "sh.688597",
    "sh.688682",
    "sh.688796",
    "sz.000056"
  ],
  "inputRows": 51906,
  "outputRows": 51906,
  "prefixInvariant": true,
  "tradablePricesFinite": true,
  "elapsedSeconds": 0.135,
  "peakProcessBytes": 165888000,
  "corporateActionPnlVerified": false
}
