
> sites-project@0.1.0 build
> vinext build


  vinext build  (Vite 8.0.13)

[1/5] analyze client references...
[2Ktransforming...✓ 218 modules transformed.
rendering chunks...
✓ built in 398ms
[2/5] analyze server references...
[2Ktransforming...✓ 78 modules transformed.
rendering chunks...
✓ built in 91ms
[3/5] build rsc environment...
[2Ktransforming...✓ 216 modules transformed.
rendering chunks...
computing gzip size...
✓ built in 359ms
[4/5] build client environment...
[2Ktransforming...✓ 119 modules transformed.
rendering chunks...
computing gzip size...
✓ built in 619ms
[5/5] build ssr environment...
[2Ktransforming...✓ 84 modules transformed.
rendering chunks...
computing gzip size...
✓ built in 338ms
[0m
  Route (app)
  ─ ? /

  ? Unknown

  ? Some routes could not be classified. vinext currently uses static analysis
    and cannot detect dynamic API usage (headers(), cookies(), etc.) at build time.
    Automatic classification will be improved in a future release.

  Build complete. Run `vinext start` to start the production server.

